---
source: tests/snapshots.rs
expression: output
---
 darya
┏ Worktrees ━━━━━━━━━━━━┓┏ Claude Code ━━━━━━━━━━━━━━━━━━━━━━━━━━━━━━━━━━━━━━━━━━━━━━━━━━━━━━━━━━━━┓
┃▶ 1 ○ my-project [main]┃┃  Press Enter on a worktree to start a Claude Code session               ┃
┃  2 ○ my-project [featu┃┃                                                                         ┃
┃                       ┃┃                                                                         ┃
┃                       ┃┃                                                                         ┃
┃                       ┃┃                                                                         ┃
┃                   ┏ Help (? to close) ━━━━━━━━━━━━━━━━━━━━━━━━━━━━━━━━━━━━━━━┓                   ┃
┃                   ┃ Navigation — Terminal                                    ┃                   ┃
┃                   ┃ ─────────────────────────────────────                    ┃                   ┃
┃                   ┃ Ctrl+1: Worktrees  Ctrl+2: Terminal  Ctrl+3: Files  Ctrl+┃                   ┃
┃                   ┃                                                          ┃                   ┃
┃                   ┃ i, Enter    Enter terminal mode                          ┃                   ┃
┃                   ┃ PgUp/PgDn   Scroll output                                ┃                   ┃
┃                   ┃ Ctrl+\      Split pane                                   ┃                   ┃
┃                   ┃ Ctrl+W      Close pane                                   ┃                   ┃
┃                   ┃ 1-9, 0      Jump to worktree                             ┃                   ┃
┃                   ┃ Tab         Cycle panes / switch panel                   ┃                   ┃
┃                   ┃ Ctrl+P      Fuzzy file finder                            ┃                   ┃
┃                   ┃ Ctrl+F      Project search                               ┃                   ┃
┃                   ┃ q           Quit                                         ┃                   ┃
┃                   ┃ Ctrl+C      Close session / Quit                         ┃                   ┃
┃                   ┗━━━━━━━━━━━━━━━━━━━━━━━━━━━━━━━━━━━━━━━━━━━━━━━━━━━━━━━━━━┛                   ┃
┃                       ┃┃                                                                         ┃
┃                       ┃┃                                                                         ┃
┃                       ┃┃                                                                         ┃
┃                       ┃┃                                                                         ┃
┃                       ┃┃                                                                         ┃
┗━━━━━━━━━━━━━━━━━━━━━━━┛┗━━━━━━━━━━━━━━━━━━━━━━━━━━━━━━━━━━━━━━━━━━━━━━━━━━━━━━━━━━━━━━━━━━━━━━━━━┛
 [NAV] terminal                                        main
