---
source: tests/snapshots.rs
expression: output
---
 darya
┏ Worktrees ━━━━━━━━━━━━━━━━━┓┏ my-project ━━━━━━━━━━━━━━━━━━━━━━━━━━━━━━━┓┏ my-project-feature-1 ━━━━━━━━━━━━━━━━━━━━━┓
┃  ▼ my-project              ┃┃  No session data                          ┃┃  No session data                          ┃
┃│   1 ▶ ● my-project [main] ┃┃                                           ┃┃                                           ┃
┃    2 ▶ ● my-project-feature┃┃                                           ┃┃                                           ┃
┃    3 ▶ ○ my-project-feature┃┃                                           ┃┃                                           ┃
┃                            ┃┃                                           ┃┃                                           ┃
┃                            ┃┃                                           ┃┃                                           ┃
┃                            ┃┃                                           ┃┃                                           ┃
┃                            ┃┃                                           ┃┃                                           ┃
┃                            ┃┃                                           ┃┃                                           ┃
┃                            ┃┃                                           ┃┃                                           ┃
┃                            ┃┃                                           ┃┃                                           ┃
┃                            ┃┃                                           ┃┃                                           ┃
┃                            ┃┃                                           ┃┃                                           ┃
┃                            ┃┃                                           ┃┃                                           ┃
┃                            ┃┃                                           ┃┃                                           ┃
┃                            ┃┃                                           ┃┃                                           ┃
┗━━━━━━━━━━━━━━━━━━━━━━━━━━━━┛┗━━━━━━━━━━━━━━━━━━━━━━━━━━━━━━━━━━━━━━━━━━━┛┗━━━━━━━━━━━━━━━━━━━━━━━━━━━━━━━━━━━━━━━━━━━┛
 NAV  terminal [pane 2/2]                                         main                                        2 running
