---
source: tests/snapshots.rs
expression: output
---
 darya
┏ my-project ━━━━━━━━━━━┓┏ Claude Code ━━━━━━━━━━━━━━━━━━━━━━━━━━━━━━━━━━━━━━━━━━━━━━━━━━━━━━━━━━━━┓
┃▶ ▾  src              ┃┃  Press Enter on a worktree to start a Claude Code session               ┃
┃     app.rs M         ┃┃                                                                         ┃
┃     main.rs A        ┃┃                                                                         ┃
┗━━━━━━━━━━━━━━━━━━━━━━━┛┃                                                                         ┃
┏ Notes ━━━━━━━━━━━━━━━━┓┃                                                                         ┃
┃  select a worktree    ┃┃                                                                         ┃
┃                       ┃┃                                                                         ┃
┃                       ┃┃                                                                         ┃
┃                       ┃┃                                                                         ┃
┃                       ┃┃                                                                         ┃
┃                       ┃┃                                                                         ┃
┗━━━━━━━━━━━━━━━━━━━━━━━┛┗━━━━━━━━━━━━━━━━━━━━━━━━━━━━━━━━━━━━━━━━━━━━━━━━━━━━━━━━━━━━━━━━━━━━━━━━━┛
 [NAV] files
