---
source: tests/snapshots.rs
expression: output
---
 darya
┏ Worktrees ━━━━━━━━━━━━┓┏ Diff ━━━━━━━━━━━━━━━━━━━━━━━━━━━━━━━━━━━━━━━━━━━━━━━━━━━━━━━━━━━━━━━━━━━┓
┃▶ 1 ○ my-project [main]┃┃  Select a file from Git Status to view diff                             ┃
┃  2 ○ my-project [featu┃┃                                                                         ┃
┃                       ┃┃                                                                         ┃
┃                       ┃┃                                                                         ┃
┃                       ┃┃                                                                         ┃
┃                       ┃┃                                                                         ┃
┃                   ┏ Help (? to close) ━━━━━━━━━━━━━━━━━━━━━━━━━━━━━━━━━━━━━━━┓                   ┃
┃                   ┃ Navigation — Diff View                                   ┃                   ┃
┃                   ┃ ─────────────────────────────────────                    ┃                   ┃
┃                   ┃ Ctrl+1: Worktrees  Ctrl+2: Terminal  Ctrl+3: Files  Ctrl+┃                   ┃
┃                   ┃                                                          ┃                   ┃
┃                   ┃ j/k, ↑/↓    Scroll line                                  ┃                   ┃
┃                   ┃ PgUp/PgDn   Scroll page                                  ┃                   ┃
┃                   ┃ Esc         Back to terminal                             ┃                   ┃
┃                   ┃ 1-9, 0      Jump to worktree                             ┃                   ┃
┃                   ┃ Tab         Switch panel                                 ┃                   ┃
┃                   ┃ Ctrl+P      Fuzzy file finder                            ┃                   ┃
┃                   ┃ Ctrl+F      Project search                               ┃                   ┃
┃                   ┃ q           Quit                                         ┃                   ┃
┃                   ┗━━━━━━━━━━━━━━━━━━━━━━━━━━━━━━━━━━━━━━━━━━━━━━━━━━━━━━━━━━┛                   ┃
┃                       ┃┃                                                                         ┃
┃                       ┃┃                                                                         ┃
┃                       ┃┃                                                                         ┃
┃                       ┃┃                                                                         ┃
┃                       ┃┃                                                                         ┃
┃                       ┃┃                                                                         ┃
┗━━━━━━━━━━━━━━━━━━━━━━━┛┗━━━━━━━━━━━━━━━━━━━━━━━━━━━━━━━━━━━━━━━━━━━━━━━━━━━━━━━━━━━━━━━━━━━━━━━━━┛
 [NAV] [diff]  q:quit  Tab:switch  Ctrl+1..6:view  Ctrl+P:find  Ctrl+F:search  ?:help
