---
source: tests/snapshots.rs
expression: output
---
 darya
┏ Worktrees ━━━━━━━━━━━━┓┏ Blame ━━━━━━━━━━━━━━━━━━━━━━━━━━━━━━━━━━━━━━━━━━━━━━━━━━━━━━━━━━━━━━━━━━┓
┃│ ▼ my-project         ┃┃  Open a file in editor, then press b or Ctrl+7                          ┃
┃    1 ▶ ○ my-project [m┃┃                                                                         ┃
┃    2 ▶ ○ my-project-fe┃┃                                                                         ┃
┃                       ┃┃                                                                         ┃
┃                       ┃┃                                                                         ┃
┃                       ┃┃                                                                         ┃
┃                   ┏ Help (? to close) ━━━━━━━━━━━━━━━━━━━━━━━━━━━━━━━━━━━━━━━┓                   ┃
┃                   ┃ Navigation — Git Blame                                   ┃                   ┃
┃                   ┃ ─────────────────────────────────────                    ┃                   ┃
┃                   ┃ Cmd+1: Worktrees  Cmd+2: Terminal  Cmd+3: Files  Cmd+4: E┃                   ┃
┃                   ┃                                                          ┃                   ┃
┃                   ┃ j/k, ↑/↓    Scroll line                                  ┃                   ┃
┃                   ┃ PgUp/PgDn   Scroll page                                  ┃                   ┃
┃                   ┃ Esc         Back to editor                               ┃                   ┃
┃                   ┃ 1-9, 0      Jump to worktree                             ┃                   ┃
┃                   ┃ Tab         Switch panel                                 ┃                   ┃
┃                   ┃ Cmd+P       Fuzzy file finder                            ┃                   ┃
┃                   ┃ Cmd+F       Project search                               ┃                   ┃
┃                   ┃ q           Quit                                         ┃                   ┃
┃                   ┗━━━━━━━━━━━━━━━━━━━━━━━━━━━━━━━━━━━━━━━━━━━━━━━━━━━━━━━━━━┛                   ┃
┃                       ┃┃                                                                         ┃
┃                       ┃┃                                                                         ┃
┃                       ┃┃                                                                         ┃
┃                       ┃┃                                                                         ┃
┃                       ┃┃                                                                         ┃
┃                       ┃┃                                                                         ┃
┗━━━━━━━━━━━━━━━━━━━━━━━┛┗━━━━━━━━━━━━━━━━━━━━━━━━━━━━━━━━━━━━━━━━━━━━━━━━━━━━━━━━━━━━━━━━━━━━━━━━━┛
 [NAV] blame
