---
source: tests/snapshots.rs
expression: output
---
 darya
┏ Worktrees ━━━━━━━━━━━━┓┏ Claude Code ━━━━━━━━━━━━━━━━━━━━━━━━━━━━━━━━━━━━━━━━━━━━━━━━━━━━━━━━━━━━┓
┃▶ 1 ○ my-project [main]┃┃  Press Enter on a worktree to start a Claude Code session               ┃
┃  2 ○ my-project [featu┃┃                                                                         ┃
┃                       ┃┃                                                                         ┃
┃                       ┃┃                                                                         ┃
┃                   ┏ Help (? to close) ━━━━━━━━━━━━━━━━━━━━━━━━━━━━━━━━━━━━━━━┓                   ┃
┃                   ┃ Navigation — Worktrees                                   ┃                   ┃
┃                   ┃ ─────────────────────────────────────                    ┃                   ┃
┃                   ┃ Ctrl+1: Worktrees  Ctrl+2: Terminal  Ctrl+3: Files  Ctrl+┃                   ┃
┃                   ┃                                                          ┃                   ┃
┃                   ┃ j/k, ↑/↓    Navigate worktrees                           ┃                   ┃
┃                   ┃ 1-9, 0      Jump to worktree                             ┃                   ┃
┃                   ┃ Enter       Start / focus session                        ┃                   ┃
┃                   ┃ a           Add worktree                                 ┃                   ┃
┃                   ┃ d           Delete worktree                              ┃                   ┃
┃                   ┃ r           Restart exited session                       ┃                   ┃
┃                   ┃ Tab         Switch panel                                 ┃                   ┃
┃                   ┃ Ctrl+P      Fuzzy file finder                            ┃                   ┃
┃                   ┃ Ctrl+F      Project search                               ┃                   ┃
┃                   ┃ q           Quit                                         ┃                   ┃
┃                   ┃ Ctrl+C      Close session / Quit                         ┃                   ┃
┃                   ┗━━━━━━━━━━━━━━━━━━━━━━━━━━━━━━━━━━━━━━━━━━━━━━━━━━━━━━━━━━┛                   ┃
┃                       ┃┃                                                                         ┃
┃                       ┃┃                                                                         ┃
┃                       ┃┃                                                                         ┃
┃                       ┃┃                                                                         ┃
┃                       ┃┃                                                                         ┃
┗━━━━━━━━━━━━━━━━━━━━━━━┛┗━━━━━━━━━━━━━━━━━━━━━━━━━━━━━━━━━━━━━━━━━━━━━━━━━━━━━━━━━━━━━━━━━━━━━━━━━┛
 [NAV] [worktrees]  q:quit  Tab:switch  Ctrl+1..6:view  Ctrl+P:find  Ctrl+F:search  ?:help
