---
source: tests/snapshots.rs
expression: output
---
 darya
┏ Worktrees ━━━━━━━━━━━━┓┏ Claude Code ━━━━━━━━━━━━━━━━━━━━━━━━━━━━━━━━━━━━━━━━━━━━━━━━━━━━━━━━━━━━┓
┃│ ▼ my-project         ┃┃  Press Enter on a worktree to start a Claude Code session               ┃
┃    1 ▶ ○ my-project [m┃┃                                                                         ┃
┃    2 ▶ ○ my-projec┏ Help (? to close) ━━━━━━━━━━━━━━━━━━━━━━━━━━━━━━━━━━━━━━━┓                   ┃
┃                   ┃ Navigation — Worktrees                                   ┃                   ┃
┃                   ┃ ─────────────────────────────────────                    ┃                   ┃
┃                   ┃ Cmd+1: Worktrees  Cmd+2: Terminal  Cmd+3: Files  Cmd+4: E┃                   ┃
┃                   ┃                                                          ┃                   ┃
┃                   ┃ j/k, ↑/↓    Navigate tree                                ┃                   ┃
┃                   ┃ 1-9, 0      Jump to item                                 ┃                   ┃
┃                   ┃ Enter       Toggle collapse / start session              ┃                   ┃
┃                   ┃ l/→         Expand / enter                               ┃                   ┃
┃                   ┃ h/←         Collapse / parent                            ┃                   ┃
┃                   ┃ a           Add worktree                                 ┃                   ┃
┃                   ┃ d           Delete worktree                              ┃                   ┃
┃                   ┃ r           Restart exited session                       ┃                   ┃
┃                   ┃ S           Add shell slot                               ┃                   ┃
┃                   ┃ N           Create section                               ┃                   ┃
┃                   ┃ Backspace   Close session                                ┃                   ┃
┃                   ┃ Tab         Switch panel                                 ┃                   ┃
┃                   ┃ Cmd+P       Fuzzy file finder                            ┃                   ┃
┃                   ┃ Cmd+F       Project search                               ┃                   ┃
┃                   ┃ q           Quit                                         ┃                   ┃
┃                   ┃ Ctrl+C      Close session / Quit                         ┃                   ┃
┃                   ┗━━━━━━━━━━━━━━━━━━━━━━━━━━━━━━━━━━━━━━━━━━━━━━━━━━━━━━━━━━┛                   ┃
┃                       ┃┃                                                                         ┃
┃                       ┃┃                                                                         ┃
┗━━━━━━━━━━━━━━━━━━━━━━━┛┗━━━━━━━━━━━━━━━━━━━━━━━━━━━━━━━━━━━━━━━━━━━━━━━━━━━━━━━━━━━━━━━━━━━━━━━━━┛
 [NAV] worktrees
