---
source: tests/snapshots.rs
expression: output
---
 darya
┏ Worktrees ━━━━━━━━━━━━┓┏ Claude Code ━━━━━━━━━━━━━━━━━━━━━━━━━━━━━━━━━━━━━━━━━━━━━━━━━━━━━━━━━━━━┓
┃│ ▼ my-project         ┃┃  Press Enter on a worktree to start a Claude Code session               ┃
┃    1 ▶ ○ my-project [m┃┃                                                                         ┃
┃    2 ▶ ○ my-projec┏ Command Palette ━━━━━━━━━━━━━━━━━━━━━━━━━━━━━━━━━━━━━━━━━┓                   ┃
┃    3 ▶ ○ my-projec┃> git█                                                    ┃                   ┃
┃                   ┃View: Git Status                                     Cmd+6┃                   ┃
┃                   ┃View: Git Blame                                      Cmd+7┃                   ┃
┃                   ┃View: Git Log                                        Cmd+8┃                   ┃
┃                   ┃Refresh Git Status                                        ┃                   ┃
┃                   ┃Toggle Split Direction                                    ┃                   ┃
┃                   ┃                                                          ┃                   ┃
┃                   ┃                                                          ┃                   ┃
┃                   ┃                                                          ┃                   ┃
┃                   ┃                                                          ┃                   ┃
┃                   ┃                                                          ┃                   ┃
┃                   ┃                                                          ┃                   ┃
┃                   ┃                                                          ┃                   ┃
┃                   ┃                                                          ┃                   ┃
┃                   ┃                                                          ┃                   ┃
┃                   ┃                                                          ┃                   ┃
┃                   ┃                                                          ┃                   ┃
┃                   ┃                                                          ┃                   ┃
┃                   ┃                                                          ┃                   ┃
┃                   ┗━━━━━━━━━━━━━━━━━━━━━━━━━━━━━━━━━━━━━━━━━━━━━━━━━━━━━━━━━━┛                   ┃
┃                       ┃┃                                                                         ┃
┃                       ┃┃                                                                         ┃
┃                       ┃┃                                                                         ┃
┗━━━━━━━━━━━━━━━━━━━━━━━┛┗━━━━━━━━━━━━━━━━━━━━━━━━━━━━━━━━━━━━━━━━━━━━━━━━━━━━━━━━━━━━━━━━━━━━━━━━━┛
 NAV  worktrees
