---
source: tests/snapshots.rs
expression: output
---
 darya
┏ Worktrees ━━━━━━━━━━━━┓┏ Claude Code ━━━━━━━━━━━━━━━━━━━━━━━━━━━━━━━━━━━━━━━━━━━━━━━━━━━━━━━━━━━━┓
┃▶ 1 ○ my-project [main]┃┃  Press Enter on a worktree to start a Claude Code session               ┃
┃  2 ○ my-project [featu┃┃                                                                         ┃
┃  3 ○ my-project [f┏ Command Palette ━━━━━━━━━━━━━━━━━━━━━━━━━━━━━━━━━━━━━━━━━┓                   ┃
┃                   ┃> █                                                       ┃                   ┃
┃                   ┃View: Worktrees                                     Ctrl+1┃                   ┃
┃                   ┃View: Terminal                                      Ctrl+2┃                   ┃
┃                   ┃View: Files                                         Ctrl+3┃                   ┃
┃                   ┃View: Editor                                        Ctrl+4┃                   ┃
┃                   ┃View: Search                                        Ctrl+5┃                   ┃
┃                   ┃View: Git Status                                    Ctrl+6┃                   ┃
┃                   ┃View: Git Blame                                     Ctrl+7┃                   ┃
┃                   ┃View: Git Log                                       Ctrl+8┃                   ┃
┃                   ┃Session: Start                                            ┃                   ┃
┃                   ┃Session: Restart                                          ┃                   ┃
┃                   ┃Session: Close                                            ┃                   ┃
┃                   ┃Find File                                           Ctrl+P┃                   ┃
┃                   ┃Search Project                                      Ctrl+F┃                   ┃
┃                   ┃Refresh Git Status                                        ┃                   ┃
┃                   ┃Split Pane                                          Ctrl+\┃                   ┃
┃                   ┃Close Pane                                          Ctrl+W┃                   ┃
┃                   ┃Toggle Help                                              ?┃                   ┃
┃                   ┃Quit                                                     q┃                   ┃
┃                   ┗━━━━━━━━━━━━━━━━━━━━━━━━━━━━━━━━━━━━━━━━━━━━━━━━━━━━━━━━━━┛                   ┃
┃                       ┃┃                                                                         ┃
┃                       ┃┃                                                                         ┃
┃                       ┃┃                                                                         ┃
┗━━━━━━━━━━━━━━━━━━━━━━━┛┗━━━━━━━━━━━━━━━━━━━━━━━━━━━━━━━━━━━━━━━━━━━━━━━━━━━━━━━━━━━━━━━━━━━━━━━━━┛
 [NAV] worktrees                                        main
