---
source: tests/snapshots.rs
expression: output
---
 darya
┏ Git Status — no data ━┓┏ Claude Code ━━━━━━━━━━━━━━━━━━━━━━━━━━━━━━━━━━━━━━━━━━━━━━━━━━━━━━━━━━━━┓
┃                       ┃┃  Press Enter on a worktree to start a Claude Code session               ┃
┃                       ┃┃                                                                         ┃
┃                       ┃┃                                                                         ┃
┃                       ┃┃                                                                         ┃
┃                       ┃┃                                                                         ┃
┃                       ┃┃                                                                         ┃
┃                   ┏ Help (? to close) ━━━━━━━━━━━━━━━━━━━━━━━━━━━━━━━━━━━━━━━┓                   ┃
┃                   ┃ Navigation — Git Status                                  ┃                   ┃
┃                   ┃ ─────────────────────────────────────                    ┃                   ┃
┃                   ┃ Ctrl+1: Worktrees  Ctrl+2: Terminal  Ctrl+3: Files  Ctrl+┃                   ┃
┃                   ┃                                                          ┃                   ┃
┃                   ┃ j/k, ↑/↓    Navigate files                               ┃                   ┃
┃                   ┃ Enter, d    View diff                                    ┃                   ┃
┃                   ┃ 1-9, 0      Jump to worktree                             ┃                   ┃
┃                   ┃ Tab         Switch panel                                 ┃                   ┃
┃                   ┃ Ctrl+P      Fuzzy file finder                            ┃                   ┃
┃                   ┃ Ctrl+F      Project search                               ┃                   ┃
┃                   ┃ q           Quit                                         ┃                   ┃
┃                   ┗━━━━━━━━━━━━━━━━━━━━━━━━━━━━━━━━━━━━━━━━━━━━━━━━━━━━━━━━━━┛                   ┃
┃                       ┃┃                                                                         ┃
┃                       ┃┃                                                                         ┃
┃                       ┃┃                                                                         ┃
┃                       ┃┃                                                                         ┃
┃                       ┃┃                                                                         ┃
┃                       ┃┃                                                                         ┃
┃                       ┃┃                                                                         ┃
┗━━━━━━━━━━━━━━━━━━━━━━━┛┗━━━━━━━━━━━━━━━━━━━━━━━━━━━━━━━━━━━━━━━━━━━━━━━━━━━━━━━━━━━━━━━━━━━━━━━━━┛
 [NAV] git                                           main
