---
source: tests/snapshots.rs
expression: output
---
 darya
┏ Worktrees ━━━━━━━━━━━━━━━━━┓┏ my-project ━━━━━━━━━━━━━━━━━━━━━━━━━━━━━━━━━━━━━━━━━━━━━━━━━━━━━━━━━━━━━━━━━━━━━━━━━━━━┓
┃  ▼ my-project              ┃┃  No session data                                                                       ┃
┃│   1 ▶ ● my-project [main] ┃┃                                                                                        ┃
┃    2 ▶ ● my-project-feature┃┃                                                                                        ┃
┃    3 ▶ ○ my-project-feature┃┃                                                                                        ┃
┃                            ┃┃                                                                                        ┃
┃                            ┃┃                                                                                        ┃
┃                            ┃┃                                                                                        ┃
┃                            ┃┗━━━━━━━━━━━━━━━━━━━━━━━━━━━━━━━━━━━━━━━━━━━━━━━━━━━━━━━━━━━━━━━━━━━━━━━━━━━━━━━━━━━━━━━━┛
┃                            ┃┏ my-project-feature-1 ━━━━━━━━━━━━━━━━━━━━━━━━━━━━━━━━━━━━━━━━━━━━━━━━━━━━━━━━━━━━━━━━━━┓
┃                            ┃┃  No session data                                                                       ┃
┃                            ┃┃                                                                                        ┃
┃                            ┃┃                                                                                        ┃
┃                            ┃┃                                                                                        ┃
┃                            ┃┃                                                                                        ┃
┃                            ┃┃                                                                                        ┃
┃                            ┃┃                                                                                        ┃
┗━━━━━━━━━━━━━━━━━━━━━━━━━━━━┛┗━━━━━━━━━━━━━━━━━━━━━━━━━━━━━━━━━━━━━━━━━━━━━━━━━━━━━━━━━━━━━━━━━━━━━━━━━━━━━━━━━━━━━━━━┛
 [NAV] terminal                                             main                                              2 running
